// Jest Snapshot v1, https://goo.gl/fbAQLP

exports[`AuthUser Component should render component 1`] = `
ShallowWrapper {
  Symbol(enzyme.__root__): [Circular],
  Symbol(enzyme.__unrendered__): <AuthUser
    cheat={
      Object {
        "favorite": Array [],
        "type": null,
      }
    }
    fetchFavoriteCheats={[MockFunction]}
    history={
      Object {
        "push": [MockFunction] {
          "calls": Array [
            Array [
              "/home",
            ],
          ],
          "results": Array [
            Object {
              "isThrow": false,
              "value": undefined,
            },
          ],
        },
      }
    }
  />,
  Symbol(enzyme.__renderer__): Object {
    "batchedUpdates": [Function],
    "getNode": [Function],
    "render": [Function],
    "simulateError": [Function],
    "simulateEvent": [Function],
    "unmount": [Function],
  },
  Symbol(enzyme.__node__): Object {
    "instance": null,
    "key": undefined,
    "nodeType": "host",
    "props": Object {
      "children": Array [
        <h4>
          Favorite Cheats
        </h4>,
        <hr />,
        <div
          className="no-favorite-cheat"
        >
          You don't have favorite cheat yet.
        </div>,
      ],
      "className": "container",
    },
    "ref": null,
    "rendered": Array [
      Object {
        "instance": null,
        "key": undefined,
        "nodeType": "host",
        "props": Object {
          "children": "Favorite Cheats",
        },
        "ref": null,
        "rendered": "Favorite Cheats",
        "type": "h4",
      },
      Object {
        "instance": null,
        "key": undefined,
        "nodeType": "host",
        "props": Object {},
        "ref": null,
        "rendered": null,
        "type": "hr",
      },
      Object {
        "instance": null,
        "key": undefined,
        "nodeType": "host",
        "props": Object {
          "children": "You don't have favorite cheat yet.",
          "className": "no-favorite-cheat",
        },
        "ref": null,
        "rendered": "You don't have favorite cheat yet.",
        "type": "div",
      },
    ],
    "type": "div",
  },
  Symbol(enzyme.__nodes__): Array [
    Object {
      "instance": null,
      "key": undefined,
      "nodeType": "host",
      "props": Object {
        "children": Array [
          <h4>
            Favorite Cheats
          </h4>,
          <hr />,
          <div
            className="no-favorite-cheat"
          >
            You don't have favorite cheat yet.
          </div>,
        ],
        "className": "container",
      },
      "ref": null,
      "rendered": Array [
        Object {
          "instance": null,
          "key": undefined,
          "nodeType": "host",
          "props": Object {
            "children": "Favorite Cheats",
          },
          "ref": null,
          "rendered": "Favorite Cheats",
          "type": "h4",
        },
        Object {
          "instance": null,
          "key": undefined,
          "nodeType": "host",
          "props": Object {},
          "ref": null,
          "rendered": null,
          "type": "hr",
        },
        Object {
          "instance": null,
          "key": undefined,
          "nodeType": "host",
          "props": Object {
            "children": "You don't have favorite cheat yet.",
            "className": "no-favorite-cheat",
          },
          "ref": null,
          "rendered": "You don't have favorite cheat yet.",
          "type": "div",
        },
      ],
      "type": "div",
    },
  ],
  Symbol(enzyme.__options__): Object {
    "adapter": ReactSixteenAdapter {
      "options": Object {
        "enableComponentDidUpdateOnSetState": true,
        "lifecycles": Object {
          "componentDidUpdate": Object {
            "onSetState": true,
          },
          "getDerivedStateFromProps": true,
          "getSnapshotBeforeUpdate": true,
          "setState": Object {
            "skipsComponentDidUpdateOnNullish": true,
          },
        },
      },
    },
  },
}
`;
