// Jest Snapshot v1, https://goo.gl/fbAQLP

exports[`Category Component should render component 1`] = `
ShallowWrapper {
  Symbol(enzyme.__root__): [Circular],
  Symbol(enzyme.__unrendered__): <Category
    category={
      Object {
        "cheats": Array [
          Object {
            "description": "init repository",
            "line": "git init",
          },
        ],
        "title": "Initialisation",
      }
    }
    onAddToFavorite={[MockFunction]}
  />,
  Symbol(enzyme.__renderer__): Object {
    "batchedUpdates": [Function],
    "getNode": [Function],
    "render": [Function],
    "simulateError": [Function],
    "simulateEvent": [Function],
    "unmount": [Function],
  },
  Symbol(enzyme.__node__): Object {
    "instance": null,
    "key": undefined,
    "nodeType": "host",
    "props": Object {
      "children": Array [
        <h5>
          Initialisation
        </h5>,
        <div>
          <Cheat
            cheat={
              Object {
                "description": "init repository",
                "line": "git init",
              }
            }
            onAddToFavorite={[MockFunction]}
            showActionBar={true}
          />
        </div>,
      ],
      "className": "category-section",
    },
    "ref": null,
    "rendered": Array [
      Object {
        "instance": null,
        "key": undefined,
        "nodeType": "host",
        "props": Object {
          "children": "Initialisation",
        },
        "ref": null,
        "rendered": "Initialisation",
        "type": "h5",
      },
      Object {
        "instance": null,
        "key": undefined,
        "nodeType": "host",
        "props": Object {
          "children": Array [
            <Cheat
              cheat={
                Object {
                  "description": "init repository",
                  "line": "git init",
                }
              }
              onAddToFavorite={[MockFunction]}
              showActionBar={true}
            />,
          ],
        },
        "ref": null,
        "rendered": Array [
          Object {
            "instance": null,
            "key": undefined,
            "nodeType": "function",
            "props": Object {
              "cheat": Object {
                "description": "init repository",
                "line": "git init",
              },
              "onAddToFavorite": [MockFunction],
              "showActionBar": true,
            },
            "ref": null,
            "rendered": null,
            "type": [Function],
          },
        ],
        "type": "div",
      },
    ],
    "type": "section",
  },
  Symbol(enzyme.__nodes__): Array [
    Object {
      "instance": null,
      "key": undefined,
      "nodeType": "host",
      "props": Object {
        "children": Array [
          <h5>
            Initialisation
          </h5>,
          <div>
            <Cheat
              cheat={
                Object {
                  "description": "init repository",
                  "line": "git init",
                }
              }
              onAddToFavorite={[MockFunction]}
              showActionBar={true}
            />
          </div>,
        ],
        "className": "category-section",
      },
      "ref": null,
      "rendered": Array [
        Object {
          "instance": null,
          "key": undefined,
          "nodeType": "host",
          "props": Object {
            "children": "Initialisation",
          },
          "ref": null,
          "rendered": "Initialisation",
          "type": "h5",
        },
        Object {
          "instance": null,
          "key": undefined,
          "nodeType": "host",
          "props": Object {
            "children": Array [
              <Cheat
                cheat={
                  Object {
                    "description": "init repository",
                    "line": "git init",
                  }
                }
                onAddToFavorite={[MockFunction]}
                showActionBar={true}
              />,
            ],
          },
          "ref": null,
          "rendered": Array [
            Object {
              "instance": null,
              "key": undefined,
              "nodeType": "function",
              "props": Object {
                "cheat": Object {
                  "description": "init repository",
                  "line": "git init",
                },
                "onAddToFavorite": [MockFunction],
                "showActionBar": true,
              },
              "ref": null,
              "rendered": null,
              "type": [Function],
            },
          ],
          "type": "div",
        },
      ],
      "type": "section",
    },
  ],
  Symbol(enzyme.__options__): Object {
    "adapter": ReactSixteenAdapter {
      "options": Object {
        "enableComponentDidUpdateOnSetState": true,
        "lifecycles": Object {
          "componentDidUpdate": Object {
            "onSetState": true,
          },
          "getDerivedStateFromProps": true,
          "getSnapshotBeforeUpdate": true,
          "setState": Object {
            "skipsComponentDidUpdateOnNullish": true,
          },
        },
      },
    },
  },
}
`;
