// Jest Snapshot v1, https://goo.gl/fbAQLP

exports[`Search Bar Component should render component 1`] = `
ShallowWrapper {
  Symbol(enzyme.__root__): [Circular],
  Symbol(enzyme.__unrendered__): <SearchBar />,
  Symbol(enzyme.__renderer__): Object {
    "batchedUpdates": [Function],
    "getNode": [Function],
    "render": [Function],
    "simulateError": [Function],
    "simulateEvent": [Function],
    "unmount": [Function],
  },
  Symbol(enzyme.__node__): Object {
    "instance": null,
    "key": undefined,
    "nodeType": "host",
    "props": Object {
      "children": <TextInputField
        errors={Array []}
        icon="search"
        label="Search Git Cheat Sheet"
        name="search-input"
        placeholder="Search Sheet Cheat"
        type="text"
      />,
    },
    "ref": null,
    "rendered": Object {
      "instance": null,
      "key": undefined,
      "nodeType": "function",
      "props": Object {
        "errors": Array [],
        "icon": "search",
        "label": "Search Git Cheat Sheet",
        "name": "search-input",
        "onChange": undefined,
        "placeholder": "Search Sheet Cheat",
        "type": "text",
      },
      "ref": null,
      "rendered": null,
      "type": [Function],
    },
    "type": "div",
  },
  Symbol(enzyme.__nodes__): Array [
    Object {
      "instance": null,
      "key": undefined,
      "nodeType": "host",
      "props": Object {
        "children": <TextInputField
          errors={Array []}
          icon="search"
          label="Search Git Cheat Sheet"
          name="search-input"
          placeholder="Search Sheet Cheat"
          type="text"
        />,
      },
      "ref": null,
      "rendered": Object {
        "instance": null,
        "key": undefined,
        "nodeType": "function",
        "props": Object {
          "errors": Array [],
          "icon": "search",
          "label": "Search Git Cheat Sheet",
          "name": "search-input",
          "onChange": undefined,
          "placeholder": "Search Sheet Cheat",
          "type": "text",
        },
        "ref": null,
        "rendered": null,
        "type": [Function],
      },
      "type": "div",
    },
  ],
  Symbol(enzyme.__options__): Object {
    "adapter": ReactSixteenAdapter {
      "options": Object {
        "enableComponentDidUpdateOnSetState": true,
        "lifecycles": Object {
          "componentDidUpdate": Object {
            "onSetState": true,
          },
          "getDerivedStateFromProps": true,
          "getSnapshotBeforeUpdate": true,
          "setState": Object {
            "skipsComponentDidUpdateOnNullish": true,
          },
        },
      },
    },
  },
}
`;
